自动更新测试：Fri Mar 27 11:00:17 UTC 2026
